g:\work\pixelbots\Scri
pts\python.exe : ...FF
............F..F.....
At line:1 char:1
+ g:\work\pixelbots\Sc
ripts\python.exe -m 
unittest discover 
tests > tes ...
+ ~~~~~~~~~~~~~~~~~~~~
~~~~~~~~~~~~~~~~~~~~~~
~~~~~~~~~~~~~~~~~~~~~~
~~~~~
    + CategoryInfo    
          : NotSpeci  
  fied: (...FF.....   
 .......F..F.....:    
String) [], Remot    
eException
    + FullyQualifiedE 
   rrorId : NativeCo  
  mmandError
 
======================
======================
======================
====
FAIL: 
test_ambusher_attack (
test_ambusher.TestAmbu
sher.test_ambusher_att
ack)
----------------------
----------------------
----------------------
----
Traceback (most 
recent call last):
  File "G:\work\pixelb
ots\tests\test_ambushe
r.py", line 39, in 
test_ambusher_attack
    self.assertEqual(s
elf.ambusher.state, 
"attack")
AssertionError: 
'chase' != 'attack'
- chase
+ attack


======================
======================
======================
====
FAIL: 
test_ambusher_stealth 
(test_ambusher.TestAmb
usher.test_ambusher_st
ealth)
----------------------
----------------------
----------------------
----
Traceback (most 
recent call last):
  File "G:\work\pixelb
ots\tests\test_ambushe
r.py", line 32, in 
test_ambusher_stealth
    self.assertLess(ne
w_dist, initial_dist)
AssertionError: 
575.5335078166335 not 
less than 
500.7203430274367

======================
======================
======================
====
FAIL: 
test_amplifier_effect 
(test_energy_system.Te
stEnergySystem.test_am
plifier_effect)
----------------------
----------------------
----------------------
----
Traceback (most 
recent call last):
  File "G:\work\pixelb
ots\tests\test_energy_
system.py", line 68, 
in 
test_amplifier_effect
    self.assertAlmostE
qual(stats["weapon_dam
age"], 100.0)
AssertionError: 10.0 
!= 100.0 within 7 
places (90.0 
difference)

======================
======================
======================
====
FAIL: 
test_tint_surface (tes
t_procedural_gen.TestP
roceduralGenerator.tes
t_tint_surface)
----------------------
----------------------
----------------------
----
Traceback (most 
recent call last):
  File "G:\work\pixelb
ots\tests\test_procedu
ral_gen.py", line 36, 
in test_tint_surface
    self.assertEqual(c
olor, (255, 0, 0, 
255))
AssertionError: (0, 
0, 0, 255) != (255, 
0, 0, 255)

----------------------
----------------------
----------------------
----
Ran 26 tests in 0.448s

FAILED (failures=4)
pygame 2.6.1 (SDL 2.28.4, Python 3.12.10)
Hello from the pygame community. https://www.pygame.org/contribute.html
